Archive member included to satisfy reference by file (symbol)

c:/program files (x86)/atmel/studio/7.0/toolchain/avr8/avr8-gnu-toolchain/bin/../lib/gcc/avr/5.4.0/avr5\libgcc.a(_exit.o)
                              C:/Program Files (x86)/Atmel/Studio/7.0/Packs/atmel/ATmega_DFP/1.7.374/gcc/dev/atmega32a/avr5/crtatmega32a.o (exit)
c:/program files (x86)/atmel/studio/7.0/toolchain/avr8/avr8-gnu-toolchain/bin/../lib/gcc/avr/5.4.0/avr5\libgcc.a(_copy_data.o)
                              application.o (__do_copy_data)
c:/program files (x86)/atmel/studio/7.0/toolchain/avr8/avr8-gnu-toolchain/bin/../lib/gcc/avr/5.4.0/avr5\libgcc.a(_clear_bss.o)
                              main.o (__do_clear_bss)

Discarded input sections

 .data          0x00000000        0x0 C:/Program Files (x86)/Atmel/Studio/7.0/Packs/atmel/ATmega_DFP/1.7.374/gcc/dev/atmega32a/avr5/crtatmega32a.o
 .bss           0x00000000        0x0 C:/Program Files (x86)/Atmel/Studio/7.0/Packs/atmel/ATmega_DFP/1.7.374/gcc/dev/atmega32a/avr5/crtatmega32a.o
 .text          0x00000000        0x0 application.o
 .data          0x00000000        0x0 application.o
 .bss           0x00000000        0x0 application.o
 .text          0x00000000        0x0 ECU_Layer/Button/ecu_button.o
 .data          0x00000000        0x0 ECU_Layer/Button/ecu_button.o
 .bss           0x00000000        0x0 ECU_Layer/Button/ecu_button.o
 .text          0x00000000        0x0 ECU_Layer/LED/ecu_led.o
 .data          0x00000000        0x0 ECU_Layer/LED/ecu_led.o
 .bss           0x00000000        0x0 ECU_Layer/LED/ecu_led.o
 .text          0x00000000        0x0 ECU_Layer/Seven_Segment/ecu_seven_seg.o
 .data          0x00000000        0x0 ECU_Layer/Seven_Segment/ecu_seven_seg.o
 .bss           0x00000000        0x0 ECU_Layer/Seven_Segment/ecu_seven_seg.o
 .text.seven_segment_enable_pin_initialize
                0x00000000        0xe ECU_Layer/Seven_Segment/ecu_seven_seg.o
 .text.seven_segment_enable
                0x00000000       0x28 ECU_Layer/Seven_Segment/ecu_seven_seg.o
 .text.seven_segment_disable
                0x00000000       0x28 ECU_Layer/Seven_Segment/ecu_seven_seg.o
 .text          0x00000000        0x0 main.o
 .data          0x00000000        0x0 main.o
 .bss           0x00000000        0x0 main.o
 .text          0x00000000        0x0 MCAL_Layer/GPIO/hal_gpio.o
 .data          0x00000000        0x0 MCAL_Layer/GPIO/hal_gpio.o
 .bss           0x00000000        0x0 MCAL_Layer/GPIO/hal_gpio.o
 .text.gpio_pin_get_direction_status
                0x00000000       0x56 MCAL_Layer/GPIO/hal_gpio.o
 .text.gpio_port_set_direction
                0x00000000       0x20 MCAL_Layer/GPIO/hal_gpio.o
 .text.gpio_port_get_direction_status
                0x00000000       0x2e MCAL_Layer/GPIO/hal_gpio.o
 .text.gpio_port_write_logic
                0x00000000       0x20 MCAL_Layer/GPIO/hal_gpio.o
 .text.gpio_port_toggle_logic
                0x00000000       0x24 MCAL_Layer/GPIO/hal_gpio.o
 .text.gpio_port_read_logic
                0x00000000       0x2e MCAL_Layer/GPIO/hal_gpio.o
 .text          0x00000000        0x0 MCAL_Layer/Interrupt/hal_Interrupt.o
 .data          0x00000000        0x0 MCAL_Layer/Interrupt/hal_Interrupt.o
 .bss           0x00000000        0x0 MCAL_Layer/Interrupt/hal_Interrupt.o
 .text.interrupt_get_state
                0x00000000       0x28 MCAL_Layer/Interrupt/hal_Interrupt.o
 .text          0x00000000        0x0 MCAL_Layer/Timer/hal_timer.o
 .data          0x00000000        0x0 MCAL_Layer/Timer/hal_timer.o
 .bss           0x00000000        0x0 MCAL_Layer/Timer/hal_timer.o
 .text.timer0_get_state
                0x00000000       0x14 MCAL_Layer/Timer/hal_timer.o
 .text.timer0_clear_flag
                0x00000000       0x44 MCAL_Layer/Timer/hal_timer.o
 .text.timer0_stop
                0x00000000       0x1e MCAL_Layer/Timer/hal_timer.o
 .text          0x00000000        0x0 test.o
 .data          0x00000000        0x0 test.o
 .bss           0x00000000        0x0 test.o
 .text.main     0x00000000       0x98 test.o
 .data.led_2    0x00000000        0x1 test.o
 .data.led_1    0x00000000        0x1 test.o
 .debug_info    0x00000000      0x3be test.o
 .debug_abbrev  0x00000000      0x182 test.o
 .debug_loc     0x00000000       0x90 test.o
 .debug_aranges
                0x00000000       0x20 test.o
 .debug_ranges  0x00000000       0x10 test.o
 .debug_line    0x00000000      0x1cd test.o
 .debug_str     0x00000000      0x2dd test.o
 .comment       0x00000000       0x31 test.o
 .debug_frame   0x00000000       0x24 test.o
 .text          0x00000000        0x0 c:/program files (x86)/atmel/studio/7.0/toolchain/avr8/avr8-gnu-toolchain/bin/../lib/gcc/avr/5.4.0/avr5\libgcc.a(_exit.o)
 .data          0x00000000        0x0 c:/program files (x86)/atmel/studio/7.0/toolchain/avr8/avr8-gnu-toolchain/bin/../lib/gcc/avr/5.4.0/avr5\libgcc.a(_exit.o)
 .bss           0x00000000        0x0 c:/program files (x86)/atmel/studio/7.0/toolchain/avr8/avr8-gnu-toolchain/bin/../lib/gcc/avr/5.4.0/avr5\libgcc.a(_exit.o)
 .text.libgcc.mul
                0x00000000        0x0 c:/program files (x86)/atmel/studio/7.0/toolchain/avr8/avr8-gnu-toolchain/bin/../lib/gcc/avr/5.4.0/avr5\libgcc.a(_exit.o)
 .text.libgcc.div
                0x00000000        0x0 c:/program files (x86)/atmel/studio/7.0/toolchain/avr8/avr8-gnu-toolchain/bin/../lib/gcc/avr/5.4.0/avr5\libgcc.a(_exit.o)
 .text.libgcc   0x00000000        0x0 c:/program files (x86)/atmel/studio/7.0/toolchain/avr8/avr8-gnu-toolchain/bin/../lib/gcc/avr/5.4.0/avr5\libgcc.a(_exit.o)
 .text.libgcc.prologue
                0x00000000        0x0 c:/program files (x86)/atmel/studio/7.0/toolchain/avr8/avr8-gnu-toolchain/bin/../lib/gcc/avr/5.4.0/avr5\libgcc.a(_exit.o)
 .text.libgcc.builtins
                0x00000000        0x0 c:/program files (x86)/atmel/studio/7.0/toolchain/avr8/avr8-gnu-toolchain/bin/../lib/gcc/avr/5.4.0/avr5\libgcc.a(_exit.o)
 .text.libgcc.fmul
                0x00000000        0x0 c:/program files (x86)/atmel/studio/7.0/toolchain/avr8/avr8-gnu-toolchain/bin/../lib/gcc/avr/5.4.0/avr5\libgcc.a(_exit.o)
 .text.libgcc.fixed
                0x00000000        0x0 c:/program files (x86)/atmel/studio/7.0/toolchain/avr8/avr8-gnu-toolchain/bin/../lib/gcc/avr/5.4.0/avr5\libgcc.a(_exit.o)
 .text          0x00000000        0x0 c:/program files (x86)/atmel/studio/7.0/toolchain/avr8/avr8-gnu-toolchain/bin/../lib/gcc/avr/5.4.0/avr5\libgcc.a(_copy_data.o)
 .data          0x00000000        0x0 c:/program files (x86)/atmel/studio/7.0/toolchain/avr8/avr8-gnu-toolchain/bin/../lib/gcc/avr/5.4.0/avr5\libgcc.a(_copy_data.o)
 .bss           0x00000000        0x0 c:/program files (x86)/atmel/studio/7.0/toolchain/avr8/avr8-gnu-toolchain/bin/../lib/gcc/avr/5.4.0/avr5\libgcc.a(_copy_data.o)
 .text.libgcc.mul
                0x00000000        0x0 c:/program files (x86)/atmel/studio/7.0/toolchain/avr8/avr8-gnu-toolchain/bin/../lib/gcc/avr/5.4.0/avr5\libgcc.a(_copy_data.o)
 .text.libgcc.div
                0x00000000        0x0 c:/program files (x86)/atmel/studio/7.0/toolchain/avr8/avr8-gnu-toolchain/bin/../lib/gcc/avr/5.4.0/avr5\libgcc.a(_copy_data.o)
 .text.libgcc   0x00000000        0x0 c:/program files (x86)/atmel/studio/7.0/toolchain/avr8/avr8-gnu-toolchain/bin/../lib/gcc/avr/5.4.0/avr5\libgcc.a(_copy_data.o)
 .text.libgcc.prologue
                0x00000000        0x0 c:/program files (x86)/atmel/studio/7.0/toolchain/avr8/avr8-gnu-toolchain/bin/../lib/gcc/avr/5.4.0/avr5\libgcc.a(_copy_data.o)
 .text.libgcc.builtins
                0x00000000        0x0 c:/program files (x86)/atmel/studio/7.0/toolchain/avr8/avr8-gnu-toolchain/bin/../lib/gcc/avr/5.4.0/avr5\libgcc.a(_copy_data.o)
 .text.libgcc.fmul
                0x00000000        0x0 c:/program files (x86)/atmel/studio/7.0/toolchain/avr8/avr8-gnu-toolchain/bin/../lib/gcc/avr/5.4.0/avr5\libgcc.a(_copy_data.o)
 .text.libgcc.fixed
                0x00000000        0x0 c:/program files (x86)/atmel/studio/7.0/toolchain/avr8/avr8-gnu-toolchain/bin/../lib/gcc/avr/5.4.0/avr5\libgcc.a(_copy_data.o)
 .text          0x00000000        0x0 c:/program files (x86)/atmel/studio/7.0/toolchain/avr8/avr8-gnu-toolchain/bin/../lib/gcc/avr/5.4.0/avr5\libgcc.a(_clear_bss.o)
 .data          0x00000000        0x0 c:/program files (x86)/atmel/studio/7.0/toolchain/avr8/avr8-gnu-toolchain/bin/../lib/gcc/avr/5.4.0/avr5\libgcc.a(_clear_bss.o)
 .bss           0x00000000        0x0 c:/program files (x86)/atmel/studio/7.0/toolchain/avr8/avr8-gnu-toolchain/bin/../lib/gcc/avr/5.4.0/avr5\libgcc.a(_clear_bss.o)
 .text.libgcc.mul
                0x00000000        0x0 c:/program files (x86)/atmel/studio/7.0/toolchain/avr8/avr8-gnu-toolchain/bin/../lib/gcc/avr/5.4.0/avr5\libgcc.a(_clear_bss.o)
 .text.libgcc.div
                0x00000000        0x0 c:/program files (x86)/atmel/studio/7.0/toolchain/avr8/avr8-gnu-toolchain/bin/../lib/gcc/avr/5.4.0/avr5\libgcc.a(_clear_bss.o)
 .text.libgcc   0x00000000        0x0 c:/program files (x86)/atmel/studio/7.0/toolchain/avr8/avr8-gnu-toolchain/bin/../lib/gcc/avr/5.4.0/avr5\libgcc.a(_clear_bss.o)
 .text.libgcc.prologue
                0x00000000        0x0 c:/program files (x86)/atmel/studio/7.0/toolchain/avr8/avr8-gnu-toolchain/bin/../lib/gcc/avr/5.4.0/avr5\libgcc.a(_clear_bss.o)
 .text.libgcc.builtins
                0x00000000        0x0 c:/program files (x86)/atmel/studio/7.0/toolchain/avr8/avr8-gnu-toolchain/bin/../lib/gcc/avr/5.4.0/avr5\libgcc.a(_clear_bss.o)
 .text.libgcc.fmul
                0x00000000        0x0 c:/program files (x86)/atmel/studio/7.0/toolchain/avr8/avr8-gnu-toolchain/bin/../lib/gcc/avr/5.4.0/avr5\libgcc.a(_clear_bss.o)
 .text.libgcc.fixed
                0x00000000        0x0 c:/program files (x86)/atmel/studio/7.0/toolchain/avr8/avr8-gnu-toolchain/bin/../lib/gcc/avr/5.4.0/avr5\libgcc.a(_clear_bss.o)

Memory Configuration

Name             Origin             Length             Attributes
text             0x00000000         0x00008000         xr
data             0x00800060         0x00000800         rw !x
eeprom           0x00810000         0x00000400         rw !x
fuse             0x00820000         0x00000002         rw !x
lock             0x00830000         0x00000400         rw !x
signature        0x00840000         0x00000400         rw !x
user_signatures  0x00850000         0x00000400         rw !x
*default*        0x00000000         0xffffffff

Linker script and memory map

LOAD C:/Program Files (x86)/Atmel/Studio/7.0/Packs/atmel/ATmega_DFP/1.7.374/gcc/dev/atmega32a/avr5/crtatmega32a.o
LOAD application.o
LOAD ECU_Layer/Button/ecu_button.o
LOAD ECU_Layer/LED/ecu_led.o
LOAD ECU_Layer/Seven_Segment/ecu_seven_seg.o
LOAD main.o
LOAD MCAL_Layer/GPIO/hal_gpio.o
LOAD MCAL_Layer/Interrupt/hal_Interrupt.o
LOAD MCAL_Layer/Timer/hal_timer.o
LOAD test.o
START GROUP
LOAD c:/program files (x86)/atmel/studio/7.0/toolchain/avr8/avr8-gnu-toolchain/bin/../lib/gcc/avr/5.4.0/../../../../avr/lib/avr5\libm.a
END GROUP
START GROUP
LOAD c:/program files (x86)/atmel/studio/7.0/toolchain/avr8/avr8-gnu-toolchain/bin/../lib/gcc/avr/5.4.0/avr5\libgcc.a
LOAD c:/program files (x86)/atmel/studio/7.0/toolchain/avr8/avr8-gnu-toolchain/bin/../lib/gcc/avr/5.4.0/../../../../avr/lib/avr5\libm.a
LOAD c:/program files (x86)/atmel/studio/7.0/toolchain/avr8/avr8-gnu-toolchain/bin/../lib/gcc/avr/5.4.0/../../../../avr/lib/avr5\libc.a
LOAD C:/Program Files (x86)/Atmel/Studio/7.0/Packs/atmel/ATmega_DFP/1.7.374/gcc/dev/atmega32a/avr5\libatmega32a.a
END GROUP
                [0x00000000]                __TEXT_REGION_ORIGIN__ = DEFINED (__TEXT_REGION_ORIGIN__)?__TEXT_REGION_ORIGIN__:0x0
                [0x00800060]                __DATA_REGION_ORIGIN__ = DEFINED (__DATA_REGION_ORIGIN__)?__DATA_REGION_ORIGIN__:0x800060
                [0x00008000]                __TEXT_REGION_LENGTH__ = DEFINED (__TEXT_REGION_LENGTH__)?__TEXT_REGION_LENGTH__:0x20000
                [0x00000800]                __DATA_REGION_LENGTH__ = DEFINED (__DATA_REGION_LENGTH__)?__DATA_REGION_LENGTH__:0xffa0
                [0x00000400]                __EEPROM_REGION_LENGTH__ = DEFINED (__EEPROM_REGION_LENGTH__)?__EEPROM_REGION_LENGTH__:0x10000
                [0x00000002]                __FUSE_REGION_LENGTH__ = DEFINED (__FUSE_REGION_LENGTH__)?__FUSE_REGION_LENGTH__:0x400
                0x00000400                __LOCK_REGION_LENGTH__ = DEFINED (__LOCK_REGION_LENGTH__)?__LOCK_REGION_LENGTH__:0x400
                0x00000400                __SIGNATURE_REGION_LENGTH__ = DEFINED (__SIGNATURE_REGION_LENGTH__)?__SIGNATURE_REGION_LENGTH__:0x400
                0x00000400                __USER_SIGNATURE_REGION_LENGTH__ = DEFINED (__USER_SIGNATURE_REGION_LENGTH__)?__USER_SIGNATURE_REGION_LENGTH__:0x400

.hash
 *(.hash)

.dynsym
 *(.dynsym)

.dynstr
 *(.dynstr)

.gnu.version
 *(.gnu.version)

.gnu.version_d
 *(.gnu.version_d)

.gnu.version_r
 *(.gnu.version_r)

.rel.init
 *(.rel.init)

.rela.init
 *(.rela.init)

.rel.text
 *(.rel.text)
 *(.rel.text.*)
 *(.rel.gnu.linkonce.t*)

.rela.text
 *(.rela.text)
 *(.rela.text.*)
 *(.rela.gnu.linkonce.t*)

.rel.fini
 *(.rel.fini)

.rela.fini
 *(.rela.fini)

.rel.rodata
 *(.rel.rodata)
 *(.rel.rodata.*)
 *(.rel.gnu.linkonce.r*)

.rela.rodata
 *(.rela.rodata)
 *(.rela.rodata.*)
 *(.rela.gnu.linkonce.r*)

.rel.data
 *(.rel.data)
 *(.rel.data.*)
 *(.rel.gnu.linkonce.d*)

.rela.data
 *(.rela.data)
 *(.rela.data.*)
 *(.rela.gnu.linkonce.d*)

.rel.ctors
 *(.rel.ctors)

.rela.ctors
 *(.rela.ctors)

.rel.dtors
 *(.rel.dtors)

.rela.dtors
 *(.rela.dtors)

.rel.got
 *(.rel.got)

.rela.got
 *(.rela.got)

.rel.bss
 *(.rel.bss)

.rela.bss
 *(.rela.bss)

.rel.plt
 *(.rel.plt)

.rela.plt
 *(.rela.plt)

.text           0x00000000      0xac6
 *(.vectors)
 .vectors       0x00000000       0x54 C:/Program Files (x86)/Atmel/Studio/7.0/Packs/atmel/ATmega_DFP/1.7.374/gcc/dev/atmega32a/avr5/crtatmega32a.o
                0x00000000                __vector_default
                0x00000000                __vectors
 *(.vectors)
 *(.progmem.gcc*)
                0x00000054                . = ALIGN (0x2)
                0x00000054                __trampolines_start = .
 *(.trampolines)
 .trampolines   0x00000054        0x0 linker stubs
 *(.trampolines*)
                0x00000054                __trampolines_end = .
 *libprintf_flt.a:*(.progmem.data)
 *libc.a:*(.progmem.data)
 *(.progmem*)
                0x00000054                . = ALIGN (0x2)
 *(.jumptables)
 *(.jumptables*)
 *(.lowtext)
 *(.lowtext*)
                0x00000054                __ctors_start = .
 *(.ctors)
                0x00000054                __ctors_end = .
                0x00000054                __dtors_start = .
 *(.dtors)
                0x00000054                __dtors_end = .
 SORT(*)(.ctors)
 SORT(*)(.dtors)
 *(.init0)
 .init0         0x00000054        0x0 C:/Program Files (x86)/Atmel/Studio/7.0/Packs/atmel/ATmega_DFP/1.7.374/gcc/dev/atmega32a/avr5/crtatmega32a.o
                0x00000054                __init
 *(.init0)
 *(.init1)
 *(.init1)
 *(.init2)
 .init2         0x00000054        0xc C:/Program Files (x86)/Atmel/Studio/7.0/Packs/atmel/ATmega_DFP/1.7.374/gcc/dev/atmega32a/avr5/crtatmega32a.o
 *(.init2)
 *(.init3)
 *(.init3)
 *(.init4)
 .init4         0x00000060       0x16 c:/program files (x86)/atmel/studio/7.0/toolchain/avr8/avr8-gnu-toolchain/bin/../lib/gcc/avr/5.4.0/avr5\libgcc.a(_copy_data.o)
                0x00000060                __do_copy_data
 .init4         0x00000076       0x10 c:/program files (x86)/atmel/studio/7.0/toolchain/avr8/avr8-gnu-toolchain/bin/../lib/gcc/avr/5.4.0/avr5\libgcc.a(_clear_bss.o)
                0x00000076                __do_clear_bss
 *(.init4)
 *(.init5)
 *(.init5)
 *(.init6)
 *(.init6)
 *(.init7)
 *(.init7)
 *(.init8)
 *(.init8)
 *(.init9)
 .init9         0x00000086        0x8 C:/Program Files (x86)/Atmel/Studio/7.0/Packs/atmel/ATmega_DFP/1.7.374/gcc/dev/atmega32a/avr5/crtatmega32a.o
 *(.init9)
 *(.text)
 .text          0x0000008e        0x4 C:/Program Files (x86)/Atmel/Studio/7.0/Packs/atmel/ATmega_DFP/1.7.374/gcc/dev/atmega32a/avr5/crtatmega32a.o
                0x0000008e                __vector_12
                0x0000008e                __bad_interrupt
                0x0000008e                __vector_6
                0x0000008e                __vector_3
                0x0000008e                __vector_13
                0x0000008e                __vector_17
                0x0000008e                __vector_19
                0x0000008e                __vector_7
                0x0000008e                __vector_5
                0x0000008e                __vector_4
                0x0000008e                __vector_9
                0x0000008e                __vector_2
                0x0000008e                __vector_15
                0x0000008e                __vector_8
                0x0000008e                __vector_14
                0x0000008e                __vector_10
                0x0000008e                __vector_16
                0x0000008e                __vector_18
                0x0000008e                __vector_20
                0x00000092                . = ALIGN (0x2)
 *(.text.*)
 .text.initialize
                0x00000092       0x7c application.o
                0x00000092                initialize
 .text.button_initialize
                0x0000010e        0xe ECU_Layer/Button/ecu_button.o
                0x0000010e                button_initialize
 .text.button_read_state
                0x0000011c       0x76 ECU_Layer/Button/ecu_button.o
                0x0000011c                button_read_state
 .text.led_initialize
                0x00000192       0x52 ECU_Layer/LED/ecu_led.o
                0x00000192                led_initialize
 .text.led_turn_on
                0x000001e4       0x72 ECU_Layer/LED/ecu_led.o
                0x000001e4                led_turn_on
 .text.led_turn_off
                0x00000256       0x72 ECU_Layer/LED/ecu_led.o
                0x00000256                led_turn_off
 .text.led_toggle
                0x000002c8       0x52 ECU_Layer/LED/ecu_led.o
                0x000002c8                led_toggle
 .text.seven_segment_initialize
                0x0000031a       0x32 ECU_Layer/Seven_Segment/ecu_seven_seg.o
                0x0000031a                seven_segment_initialize
 .text.seven_segment_write_number
                0x0000034c       0xd6 ECU_Layer/Seven_Segment/ecu_seven_seg.o
                0x0000034c                seven_segment_write_number
 .text.loop     0x00000422      0x180 main.o
                0x00000422                loop
 .text.main     0x000005a2       0x9a main.o
                0x000005a2                main
 .text.__vector_11
                0x0000063c       0x60 main.o
                0x0000063c                __vector_11
 .text.__vector_1
                0x0000069c       0x88 main.o
                0x0000069c                __vector_1
 .text.gpio_pin_set_direction
                0x00000724       0x8c MCAL_Layer/GPIO/hal_gpio.o
                0x00000724                gpio_pin_set_direction
 .text.gpio_pin_write_logic
                0x000007b0       0x8c MCAL_Layer/GPIO/hal_gpio.o
                0x000007b0                gpio_pin_write_logic
 .text.gpio_pin_toggle_logic
                0x0000083c       0x4c MCAL_Layer/GPIO/hal_gpio.o
                0x0000083c                gpio_pin_toggle_logic
 .text.gpio_pin_read_logic
                0x00000888       0x56 MCAL_Layer/GPIO/hal_gpio.o
                0x00000888                gpio_pin_read_logic
 .text.gpio_pin_initialize
                0x000008de       0x22 MCAL_Layer/GPIO/hal_gpio.o
                0x000008de                gpio_pin_initialize
 .text.interrupt_initialize
                0x00000900       0xac MCAL_Layer/Interrupt/hal_Interrupt.o
                0x00000900                interrupt_initialize
 .text.interrupt_enable
                0x000009ac       0x26 MCAL_Layer/Interrupt/hal_Interrupt.o
                0x000009ac                interrupt_enable
 .text.interrupt_disable
                0x000009d2       0x28 MCAL_Layer/Interrupt/hal_Interrupt.o
                0x000009d2                interrupt_disable
 .text.timer0_initialize
                0x000009fa       0x6a MCAL_Layer/Timer/hal_timer.o
                0x000009fa                timer0_initialize
 .text.timer0_set_value
                0x00000a64        0xe MCAL_Layer/Timer/hal_timer.o
                0x00000a64                timer0_set_value
 .text.timer0_start
                0x00000a72       0x50 MCAL_Layer/Timer/hal_timer.o
                0x00000a72                timer0_start
                0x00000ac2                . = ALIGN (0x2)
 *(.fini9)
 .fini9         0x00000ac2        0x0 c:/program files (x86)/atmel/studio/7.0/toolchain/avr8/avr8-gnu-toolchain/bin/../lib/gcc/avr/5.4.0/avr5\libgcc.a(_exit.o)
                0x00000ac2                _exit
                0x00000ac2                exit
 *(.fini9)
 *(.fini8)
 *(.fini8)
 *(.fini7)
 *(.fini7)
 *(.fini6)
 *(.fini6)
 *(.fini5)
 *(.fini5)
 *(.fini4)
 *(.fini4)
 *(.fini3)
 *(.fini3)
 *(.fini2)
 *(.fini2)
 *(.fini1)
 *(.fini1)
 *(.fini0)
 .fini0         0x00000ac2        0x4 c:/program files (x86)/atmel/studio/7.0/toolchain/avr8/avr8-gnu-toolchain/bin/../lib/gcc/avr/5.4.0/avr5\libgcc.a(_exit.o)
 *(.fini0)
                0x00000ac6                _etext = .

.data           0x00800060       0x42 load address 0x00000ac6
                0x00800060                PROVIDE (__data_start, .)
 *(.data)
 *(.data*)
 .data.int_INT0
                0x00800060        0x1 application.o
                0x00800060                int_INT0
 .data.timer0   0x00800061        0x1 application.o
                0x00800061                timer0
 .data.seg_1    0x00800062        0x9 application.o
                0x00800062                seg_1
 .data.btn_1    0x0080006b        0x3 application.o
                0x0080006b                btn_1
 .data.pedestrian_led_red
                0x0080006e        0x1 application.o
                0x0080006e                pedestrian_led_red
 .data.pedestrian_led_yellow
                0x0080006f        0x1 application.o
                0x0080006f                pedestrian_led_yellow
 .data.pedestrian_led_green
                0x00800070        0x1 application.o
                0x00800070                pedestrian_led_green
 .data.car_led_red
                0x00800071        0x1 application.o
                0x00800071                car_led_red
 .data.car_led_yellow
                0x00800072        0x1 application.o
                0x00800072                car_led_yellow
 .data.car_led_green
                0x00800073        0x1 application.o
                0x00800073                car_led_green
 .data.long_presse_flag
                0x00800074        0x1 main.o
                0x00800074                long_presse_flag
 .data.ret      0x00800075        0x1 main.o
                0x00800075                ret
 .data.PIN_registers
                0x00800076        0x8 MCAL_Layer/GPIO/hal_gpio.o
                0x00800076                PIN_registers
 .data.PORT_registers
                0x0080007e        0x8 MCAL_Layer/GPIO/hal_gpio.o
                0x0080007e                PORT_registers
 .data.DDR_registers
                0x00800086        0x8 MCAL_Layer/GPIO/hal_gpio.o
                0x00800086                DDR_registers
 *(.gnu.linkonce.d*)
 *(.rodata)
 *(.rodata*)
 .rodata.seg_COMM_ANODE_numbers
                0x0080008e        0xa ECU_Layer/Seven_Segment/ecu_seven_seg.o
 .rodata.seg_COMM_CATHODE_numbers
                0x00800098        0xa ECU_Layer/Seven_Segment/ecu_seven_seg.o
 *(.gnu.linkonce.r*)
                0x008000a2                . = ALIGN (0x2)
                0x008000a2                _edata = .
                0x008000a2                PROVIDE (__data_end, .)

.bss            0x008000a2        0xa
                0x008000a2                PROVIDE (__bss_start, .)
 *(.bss)
 *(.bss*)
 .bss.btn1_state
                0x008000a2        0x1 main.o
                0x008000a2                btn1_state
 .bss.long_presse_count
                0x008000a3        0x2 main.o
                0x008000a3                long_presse_count
 .bss.led_direction
                0x008000a5        0x1 main.o
                0x008000a5                led_direction
 .bss.car_leds_turn
                0x008000a6        0x1 main.o
                0x008000a6                car_leds_turn
 .bss.mode      0x008000a7        0x1 main.o
                0x008000a7                mode
 .bss.counter   0x008000a8        0x1 main.o
                0x008000a8                counter
 .bss.timer_over_flow
                0x008000a9        0x2 main.o
                0x008000a9                timer_over_flow
 .bss.timer_flag
                0x008000ab        0x1 main.o
                0x008000ab                timer_flag
 *(COMMON)
                0x008000ac                PROVIDE (__bss_end, .)
                0x00000ac6                __data_load_start = LOADADDR (.data)
                0x00000b08                __data_load_end = (__data_load_start + SIZEOF (.data))

.noinit         0x008000ac        0x0
                [!provide]                PROVIDE (__noinit_start, .)
 *(.noinit*)
                [!provide]                PROVIDE (__noinit_end, .)
                0x008000ac                _end = .
                [!provide]                PROVIDE (__heap_start, .)

.eeprom         0x00810000        0x0
 *(.eeprom*)
                0x00810000                __eeprom_end = .

.fuse
 *(.fuse)
 *(.lfuse)
 *(.hfuse)
 *(.efuse)

.lock
 *(.lock*)

.signature
 *(.signature*)

.user_signatures
 *(.user_signatures*)

.stab
 *(.stab)

.stabstr
 *(.stabstr)

.stab.excl
 *(.stab.excl)

.stab.exclstr
 *(.stab.exclstr)

.stab.index
 *(.stab.index)

.stab.indexstr
 *(.stab.indexstr)

.comment        0x00000000       0x30
 *(.comment)
 .comment       0x00000000       0x30 application.o
                                 0x31 (size before relaxing)
 .comment       0x00000030       0x31 ECU_Layer/Button/ecu_button.o
 .comment       0x00000030       0x31 ECU_Layer/LED/ecu_led.o
 .comment       0x00000030       0x31 ECU_Layer/Seven_Segment/ecu_seven_seg.o
 .comment       0x00000030       0x31 main.o
 .comment       0x00000030       0x31 MCAL_Layer/GPIO/hal_gpio.o
 .comment       0x00000030       0x31 MCAL_Layer/Interrupt/hal_Interrupt.o
 .comment       0x00000030       0x31 MCAL_Layer/Timer/hal_timer.o

.note.gnu.avr.deviceinfo
                0x00000000       0x3c
 .note.gnu.avr.deviceinfo
                0x00000000       0x3c C:/Program Files (x86)/Atmel/Studio/7.0/Packs/atmel/ATmega_DFP/1.7.374/gcc/dev/atmega32a/avr5/crtatmega32a.o

.note.gnu.build-id
 *(.note.gnu.build-id)

.debug
 *(.debug)

.line
 *(.line)

.debug_srcinfo
 *(.debug_srcinfo)

.debug_sfnames
 *(.debug_sfnames)

.debug_aranges  0x00000000      0x1e8
 *(.debug_aranges)
 .debug_aranges
                0x00000000       0x20 application.o
 .debug_aranges
                0x00000020       0x28 ECU_Layer/Button/ecu_button.o
 .debug_aranges
                0x00000048       0x38 ECU_Layer/LED/ecu_led.o
 .debug_aranges
                0x00000080       0x40 ECU_Layer/Seven_Segment/ecu_seven_seg.o
 .debug_aranges
                0x000000c0       0x38 main.o
 .debug_aranges
                0x000000f8       0x70 MCAL_Layer/GPIO/hal_gpio.o
 .debug_aranges
                0x00000168       0x38 MCAL_Layer/Interrupt/hal_Interrupt.o
 .debug_aranges
                0x000001a0       0x48 MCAL_Layer/Timer/hal_timer.o

.debug_pubnames
 *(.debug_pubnames)

.debug_info     0x00000000     0x2541
 *(.debug_info .gnu.linkonce.wi.*)
 .debug_info    0x00000000      0x4e6 C:/Program Files (x86)/Atmel/Studio/7.0/Packs/atmel/ATmega_DFP/1.7.374/gcc/dev/atmega32a/avr5/crtatmega32a.o
 .debug_info    0x000004e6      0x6c1 application.o
 .debug_info    0x00000ba7      0x284 ECU_Layer/Button/ecu_button.o
 .debug_info    0x00000e2b      0x336 ECU_Layer/LED/ecu_led.o
 .debug_info    0x00001161      0x44b ECU_Layer/Seven_Segment/ecu_seven_seg.o
 .debug_info    0x000015ac      0x651 main.o
 .debug_info    0x00001bfd      0x46c MCAL_Layer/GPIO/hal_gpio.o
 .debug_info    0x00002069      0x1f1 MCAL_Layer/Interrupt/hal_Interrupt.o
 .debug_info    0x0000225a      0x2e7 MCAL_Layer/Timer/hal_timer.o

.debug_abbrev   0x00000000      0xe02
 *(.debug_abbrev)
 .debug_abbrev  0x00000000      0x4a3 C:/Program Files (x86)/Atmel/Studio/7.0/Packs/atmel/ATmega_DFP/1.7.374/gcc/dev/atmega32a/avr5/crtatmega32a.o
 .debug_abbrev  0x000004a3      0x12f application.o
 .debug_abbrev  0x000005d2      0x142 ECU_Layer/Button/ecu_button.o
 .debug_abbrev  0x00000714      0x108 ECU_Layer/LED/ecu_led.o
 .debug_abbrev  0x0000081c      0x163 ECU_Layer/Seven_Segment/ecu_seven_seg.o
 .debug_abbrev  0x0000097f      0x186 main.o
 .debug_abbrev  0x00000b05      0x14b MCAL_Layer/GPIO/hal_gpio.o
 .debug_abbrev  0x00000c50       0xcc MCAL_Layer/Interrupt/hal_Interrupt.o
 .debug_abbrev  0x00000d1c       0xe6 MCAL_Layer/Timer/hal_timer.o

.debug_line     0x00000000     0x1746
 *(.debug_line .debug_line.* .debug_line_end)
 .debug_line    0x00000000      0x116 C:/Program Files (x86)/Atmel/Studio/7.0/Packs/atmel/ATmega_DFP/1.7.374/gcc/dev/atmega32a/avr5/crtatmega32a.o
 .debug_line    0x00000116      0x21d application.o
 .debug_line    0x00000333      0x1bb ECU_Layer/Button/ecu_button.o
 .debug_line    0x000004ee      0x257 ECU_Layer/LED/ecu_led.o
 .debug_line    0x00000745      0x2bd ECU_Layer/Seven_Segment/ecu_seven_seg.o
 .debug_line    0x00000a02      0x3e0 main.o
 .debug_line    0x00000de2      0x3e4 MCAL_Layer/GPIO/hal_gpio.o
 .debug_line    0x000011c6      0x271 MCAL_Layer/Interrupt/hal_Interrupt.o
 .debug_line    0x00001437      0x30f MCAL_Layer/Timer/hal_timer.o

.debug_frame    0x00000000      0x40c
 *(.debug_frame)
 .debug_frame   0x00000000       0x24 application.o
 .debug_frame   0x00000024       0x50 ECU_Layer/Button/ecu_button.o
 .debug_frame   0x00000074       0x94 ECU_Layer/LED/ecu_led.o
 .debug_frame   0x00000108       0x88 ECU_Layer/Seven_Segment/ecu_seven_seg.o
 .debug_frame   0x00000190       0xe4 main.o
 .debug_frame   0x00000274       0xd0 MCAL_Layer/GPIO/hal_gpio.o
 .debug_frame   0x00000344       0x54 MCAL_Layer/Interrupt/hal_Interrupt.o
 .debug_frame   0x00000398       0x74 MCAL_Layer/Timer/hal_timer.o

.debug_str      0x00000000      0xd77
 *(.debug_str)
 .debug_str     0x00000000      0x196 C:/Program Files (x86)/Atmel/Studio/7.0/Packs/atmel/ATmega_DFP/1.7.374/gcc/dev/atmega32a/avr5/crtatmega32a.o
 .debug_str     0x00000196      0x6d9 application.o
                                0x74e (size before relaxing)
 .debug_str     0x0000086f       0x7b ECU_Layer/Button/ecu_button.o
                                0x2e7 (size before relaxing)
 .debug_str     0x000008ea       0x8b ECU_Layer/LED/ecu_led.o
                                0x2b7 (size before relaxing)
 .debug_str     0x00000975       0xb6 ECU_Layer/Seven_Segment/ecu_seven_seg.o
                                0x38b (size before relaxing)
 .debug_str     0x00000a2b       0xe4 main.o
                                0x539 (size before relaxing)
 .debug_str     0x00000b0f      0x110 MCAL_Layer/GPIO/hal_gpio.o
                                0x39c (size before relaxing)
 .debug_str     0x00000c1f       0x9a MCAL_Layer/Interrupt/hal_Interrupt.o
                                0x282 (size before relaxing)
 .debug_str     0x00000cb9       0xbe MCAL_Layer/Timer/hal_timer.o
                                0x354 (size before relaxing)

.debug_loc      0x00000000     0x1405
 *(.debug_loc)
 .debug_loc     0x00000000      0x1dc ECU_Layer/Button/ecu_button.o
 .debug_loc     0x000001dc      0x2e8 ECU_Layer/LED/ecu_led.o
 .debug_loc     0x000004c4      0x49d ECU_Layer/Seven_Segment/ecu_seven_seg.o
 .debug_loc     0x00000961      0x196 main.o
 .debug_loc     0x00000af7      0x4a9 MCAL_Layer/GPIO/hal_gpio.o
 .debug_loc     0x00000fa0      0x1be MCAL_Layer/Interrupt/hal_Interrupt.o
 .debug_loc     0x0000115e      0x2a7 MCAL_Layer/Timer/hal_timer.o

.debug_macinfo
 *(.debug_macinfo)

.debug_weaknames
 *(.debug_weaknames)

.debug_funcnames
 *(.debug_funcnames)

.debug_typenames
 *(.debug_typenames)

.debug_varnames
 *(.debug_varnames)

.debug_pubtypes
 *(.debug_pubtypes)

.debug_ranges   0x00000000      0x168
 *(.debug_ranges)
 .debug_ranges  0x00000000       0x10 application.o
 .debug_ranges  0x00000010       0x18 ECU_Layer/Button/ecu_button.o
 .debug_ranges  0x00000028       0x28 ECU_Layer/LED/ecu_led.o
 .debug_ranges  0x00000050       0x30 ECU_Layer/Seven_Segment/ecu_seven_seg.o
 .debug_ranges  0x00000080       0x28 main.o
 .debug_ranges  0x000000a8       0x60 MCAL_Layer/GPIO/hal_gpio.o
 .debug_ranges  0x00000108       0x28 MCAL_Layer/Interrupt/hal_Interrupt.o
 .debug_ranges  0x00000130       0x38 MCAL_Layer/Timer/hal_timer.o

.debug_macro
 *(.debug_macro)
OUTPUT(Traffic_light_control.elf elf32-avr)
LOAD linker stubs
